Microchip MPLAB XC8 Compiler V2.41

Linker command line:

-W-3 \
  --edf=C:\Program Files\Microchip\xc8\v2.41\pic\dat\20230208172133_en.msgs \
  -cn -h+dist/default/production\Sistema_Seguridad.X.production.sym \
  --cmf=dist/default/production\Sistema_Seguridad.X.production.cmf -z \
  -Q16F887 -oC:\Users\estiv\AppData\Local\Temp\xcAsces.\driver_tmp_3.o \
  --defsym=__MPLAB_BUILD=1 --fixupoverflow=error \
  -Mdist/default/production/Sistema_Seguridad.X.production.map \
  --md=C:\Users\estiv\AppData\Local\Temp\xcAsces.\driver_tmp_0.dat -E1 \
  -ver=XC8 Compiler --acfsm=1493 -ACODE=00h-07FFhx4 -ASTRCODE=00h-01FFFh \
  -ASTRING=00h-0FFhx32 -ACONST=00h-0FFhx32 -AENTRY=00h-0FFhx32 \
  -ACOMMON=070h-07Fh -ABANK0=020h-06Fh -ABANK1=0A0h-0EFh \
  -ABANK2=0110h-016Fh -ABANK3=0190h-01EFh \
  -ARAM=020h-06Fh,0A0h-0EFh,0110h-016Fh,0190h-01EFh \
  -AABS1=020h-07Fh,0A0h-0EFh,0110h-016Fh,0190h-01EFh -ASFR0=00h-01Fh \
  -ASFR1=080h-09Fh -ASFR2=0100h-010Fh -ASFR3=0180h-018Fh \
  -ACONFIG=02007h-02008h -DCONFIG=2 -AIDLOC=02000h-02003h -DIDLOC=2 \
  -AEEDATA=00h-0FFh/02100h -peeprom_data=EEDATA -DEEDATA=2 -DCODE=2 \
  -DSTRCODE=2 -DSTRING=2 -DCONST=2 -DENTRY=2 \
  -preset_vec=00h,intentry,init,end_init -ppowerup=CODE -pcinit=CODE \
  -pfunctab=ENTRY -k \
  C:\Users\estiv\AppData\Local\Temp\xcAsces.\driver_tmp_12.o \
  dist/default/production\Sistema_Seguridad.X.production.o 

Object code version is 3.11

Machine type is 16F887



                Name                               Link     Load   Length Selector   Space Scale
C:\Users\estiv\AppData\Local\Temp\xcAsces.\driver_tmp_12.o
                end_init                              0        0        3        0       0
                config                             2007     2007        2        0       4
dist/default/production\Sistema_Seguridad.X.production.o
                cinit                               7E7      7E7       19      FCE       0
                config                             2007     2007        2        0       4
                text9                               5A0      5A0       36      B40       0
                text8                               501      501       10      A02       0
                text7                               576      576       2A      AEC       0
                text6                               5D6      5D6       36      BAC       0
                text5                               534      534       1F      A68       0
                text4                               553      553       23      AA6       0
                text3                               706      706       E1      E0C       0
                text2                               4F5      4F5        C      9EA       0
                text1                               60C      60C       46      C18       0
                maintext                            652      652       B4      CA4       0
                cstackBANK0                          20       20       13       20       1
                cstackCOMMON                         70       70        C       70       1
                inittext                            521      521       13      A42       0
                dataBANK0                            33       33       10       20       1
                bssBANK0                             43       43        5       20       1
                bssCOMMON                            7C       7C        2       70       1
                strings                               3        3       4A        6       0
                idataBANK0                          511      511       10      A22       0

TOTAL           Name                               Link     Load   Length     Space
        CLASS   CODE           
                end_init                              0        0        3         0
                cinit                               7E7      7E7       19         0
                text9                               5A0      5A0       36         0
                text8                               501      501       10         0
                text7                               576      576       2A         0
                text6                               5D6      5D6       36         0
                text5                               534      534       1F         0
                text4                               553      553       23         0
                text3                               706      706       E1         0
                text2                               4F5      4F5        C         0
                text1                               60C      60C       46         0
                maintext                            652      652       B4         0
                inittext                            521      521       13         0
                idataBANK0                          511      511       10         0

        CLASS   STRCODE        

        CLASS   STRING         
                strings                               3        3       4A         0

        CLASS   CONST          

        CLASS   ENTRY          

        CLASS   COMMON         
                cstackCOMMON                         70       70        C         1
                bssCOMMON                            7C       7C        2         1

        CLASS   BANK0          
                cstackBANK0                          20       20       13         1
                dataBANK0                            33       33       10         1
                bssBANK0                             43       43        5         1

        CLASS   BANK1          

        CLASS   BANK2          

        CLASS   BANK3          

        CLASS   RAM            

        CLASS   ABS1           
                abs_s1                               7E       7E        2         1

        CLASS   SFR0           

        CLASS   SFR1           

        CLASS   SFR2           

        CLASS   SFR3           

        CLASS   CONFIG         
                config                             2007     2007        2         4

        CLASS   IDLOC          

        CLASS   EEDATA         

        CLASS   STACK          



SEGMENTS        Name                           Load    Length   Top    Selector   Space  Class     Delta

                reset_vec                      000000  000003  000003         0       0  CODE        2
                strings                        000003  00004A  00004D         6       0  STRING      2
                cstackBANK0                    000020  000028  000048        20       1  BANK0       1
                cstackCOMMON                   000070  00000E  00007E        70       1  COMMON      1
                text2                          0004F5  00000C  000501       9EA       0  CODE        2
                text8                          000501  000010  000511       A02       0  CODE        2
                idataBANK0                     000511  000010  000521       A22       0  CODE        2
                inittext                       000521  000013  000534       A42       0  CODE        2
                text5                          000534  00001F  000553       A68       0  CODE        2
                text4                          000553  000023  000576       AA6       0  CODE        2
                text7                          000576  00002A  0005A0       AEC       0  CODE        2
                text9                          0005A0  000036  0005D6       B40       0  CODE        2
                text6                          0005D6  000036  00060C       BAC       0  CODE        2
                text1                          00060C  000046  000652       C18       0  CODE        2
                maintext                       000652  0000B4  000706       CA4       0  CODE        2
                text3                          000706  0000E1  0007E7       E0C       0  CODE        2
                cinit                          0007E7  000019  000800       FCE       0  CODE        2


UNUSED ADDRESS RANGES

        Name                Unused          Largest block    Delta
        BANK0            0048-006F             28           1
        BANK1            00A0-00EF             50           1
        BANK2            0110-016F             60           1
        BANK3            0190-01EF             60           1
        CODE             004D-04F4            4A8           2
                         0800-1FFF            800
        CONST            004D-04F4            100           2
                         0800-1FFF            100
        EEDATA           2100-21FF            100           2
        ENTRY            004D-04F4            100           2
                         0800-1FFF            100
        IDLOC            2000-2003              4           2
        RAM              0048-006F             28           1
                         00A0-00EF             50
                         0110-016F             60
                         0190-01EF             60
        SFR0             0000-001F             20           1
        SFR1             0080-009F             20           1
        SFR2             0100-010F             10           1
        SFR3             0180-018F             10           1
        STRCODE          004D-04F4            4A8           2
                         0800-1FFF           1800
        STRING           004D-04F4            100           2
                         0800-1FFF            100

                                  Symbol Table

?_strncmp                cstackCOMMON 0070
LCD_Char@dat             cstackCOMMON 0072
LCD_Command@cmd          cstackCOMMON 0072
LCD_String@msg           cstackCOMMON 0073
LCD_String_xy@location   cstackCOMMON 0077
LCD_String_xy@msg        cstackCOMMON 0075
LCD_String_xy@pos        cstackCOMMON 0074
LCD_String_xy@row        cstackCOMMON 0076
_LCD_Char                text6        05D6
_LCD_Clear               text8        0501
_LCD_Command             text9        05A0
_LCD_Init                text7        0576
_LCD_String              text5        0534
_LCD_String_xy           text4        0553
_OPTION_REGbits          (abs)        0081
_OSCCON                  (abs)        008F
_PORTB                   (abs)        0006
_PORTD                   (abs)        0008
_PORTDbits               (abs)        0008
_PORTE                   (abs)        0009
_RE0                     (abs)        0048
_RE1                     (abs)        0049
_RE2                     (abs)        004A
_TRISB                   (abs)        0086
_TRISD                   (abs)        0088
_TRISE                   (abs)        0089
__H__absolute__          __absolute__ 0000
__Habs1                  abs1         0000
__Hbank0                 bank0        0000
__Hbank1                 bank1        0000
__Hbank2                 bank2        0000
__Hbank3                 bank3        0000
__HbssBANK0              bssBANK0     0000
__HbssCOMMON             bssCOMMON    0000
__Hcinit                 cinit        0800
__Hclrtext               clrtext      0000
__Hcode                  code         0000
__Hcommon                common       0000
__Hconfig                config       2009
__HcstackBANK0           cstackBANK0  0000
__HcstackCOMMON          cstackCOMMON 0000
__HdataBANK0             dataBANK0    0000
__Heeprom_data           eeprom_data  0000
__Hend_init              end_init     0003
__Hfunctab               functab      0000
__HidataBANK0            idataBANK0   0000
__Hinit                  init         0000
__Hinittext              inittext     0000
__Hintentry              intentry     0000
__Hmaintext              maintext     0000
__Hpowerup               powerup      0000
__Hram                   ram          0000
__Hreset_vec             reset_vec    0000
__Hsfr0                  sfr0         0000
__Hsfr1                  sfr1         0000
__Hsfr2                  sfr2         0000
__Hsfr3                  sfr3         0000
__Hspace_0               (abs)        0800
__Hspace_1               (abs)        007E
__Hspace_2               (abs)        0000
__Hspace_3               (abs)        0000
__Hspace_4               (abs)        4010
__Hstack                 stack        0000
__Hstrings               strings      0000
__Htext                  text         0000
__L__absolute__          __absolute__ 0000
__Labs1                  abs1         0000
__Lbank0                 bank0        0000
__Lbank1                 bank1        0000
__Lbank2                 bank2        0000
__Lbank3                 bank3        0000
__LbssBANK0              bssBANK0     0000
__LbssCOMMON             bssCOMMON    0000
__Lcinit                 cinit        07E7
__Lclrtext               clrtext      0000
__Lcode                  code         0000
__Lcommon                common       0000
__Lconfig                config       0000
__LcstackBANK0           cstackBANK0  0000
__LcstackCOMMON          cstackCOMMON 0000
__LdataBANK0             dataBANK0    0000
__Leeprom_data           eeprom_data  0000
__Lend_init              end_init     0000
__Lfunctab               functab      0000
__LidataBANK0            idataBANK0   0000
__Linit                  init         0000
__Linittext              inittext     0000
__Lintentry              intentry     0000
__Lmaintext              maintext     0000
__Lpowerup               powerup      0000
__Lram                   ram          0000
__Lreset_vec             reset_vec    0000
__Lsfr0                  sfr0         0000
__Lsfr1                  sfr1         0000
__Lsfr2                  sfr2         0000
__Lsfr3                  sfr3         0000
__Lspace_0               (abs)        0000
__Lspace_1               (abs)        0000
__Lspace_2               (abs)        0000
__Lspace_3               (abs)        0000
__Lspace_4               (abs)        0000
__Lstack                 stack        0000
__Lstrings               strings      0000
__Ltext                  text         0000
__S0                     (abs)        0800
__S1                     (abs)        007E
__S3                     (abs)        0000
___int_sp                stack        0000
___latbits               (abs)        0002
___sp                    stack        0000
___stackhi               (abs)        0000
___stacklo               (abs)        0000
__end_of_LCD_Char        text6        060C
__end_of_LCD_Clear       text8        0511
__end_of_LCD_Command     text9        05D6
__end_of_LCD_Init        text7        05A0
__end_of_LCD_String      text5        0553
__end_of_LCD_String_xy   text4        0576
__end_of__initialization cinit        07FC
__end_of__stringtab      strings      0009
__end_of_keypad_getkey   text3        07E7
__end_of_keypad_init     text2        0501
__end_of_main            maintext     0706
__end_of_password        strings      000E
__end_of_strncmp         text1        0652
__initialization         cinit        07E7
__pbssBANK0              bssBANK0     0043
__pbssCOMMON             bssCOMMON    007C
__pcstackBANK0           cstackBANK0  0020
__pcstackCOMMON          cstackCOMMON 0070
__pdataBANK0             dataBANK0    0033
__pidataBANK0            idataBANK0   0511
__pmaintext              maintext     0652
__pstrings               strings      0003
__ptext1                 text1        060C
__ptext2                 text2        04F5
__ptext3                 text3        0706
__ptext4                 text4        0553
__ptext5                 text5        0534
__ptext6                 text6        05D6
__ptext7                 text7        0576
__ptext8                 text8        0501
__ptext9                 text9        05A0
__stringbase             strings      0008
__stringtab              strings      0003
_idx                     bssCOMMON    007D
_keypad_getkey           text3        0706
_keypad_init             text2        04F5
_main                    maintext     0652
_pass_user               bssBANK0     0043
_password                strings      0009
_strncmp                 text1        060C
_system_lock             bssCOMMON    007C
btemp                    (abs)        007E
end_of_initialization    cinit        07FC
init_fetch0              inittext     0521
init_ram0                inittext     0525
intlevel0                functab      0000
intlevel1                functab      0000
intlevel2                functab      0000
intlevel3                functab      0000
intlevel4                functab      0000
intlevel5                functab      0000
keypad_getkey@F1268      dataBANK0    0033
keypad_getkey@i          cstackBANK0  0031
keypad_getkey@letras     cstackBANK0  0020
keypad_getkey@valor      cstackBANK0  0030
main@key                 cstackCOMMON 007B
reset_vec                reset_vec    0000
start                    init         0000
start_initialization     cinit        07E7
strncmp@len              cstackCOMMON 0071
strncmp@s1               cstackCOMMON 0075
strncmp@s2               cstackCOMMON 0070
wtemp0                   (abs)        007E


MODULE INFORMATION

Module		Function		Class		Link	Load	Size
keypad.c
		_keypad_init   		CODE           	04F5	0000	12
		_keypad_getkey 		CODE           	0706	0000	225

keypad.c estimated size: 237

C:\Program Files\Microchip\xc8\v2.41\pic\sources\c90\common\strncmp.c
		_strncmp       		CODE           	060C	0000	70

C:\Program Files\Microchip\xc8\v2.41\pic\sources\c90\common\strncmp.c estimated size: 70

Main_Seguridad.c
		_main          		CODE           	0652	0000	180

Main_Seguridad.c estimated size: 180

shared
		__stringtab    		STRING         	0003	0000	6
		_password      		STRING         	0009	0000	5
		__initialization		CODE           	07E7	0000	21

shared estimated size: 32

lcd.c
		_LCD_String    		CODE           	0534	0000	31
		_LCD_Init      		CODE           	0576	0000	42
		_LCD_Command   		CODE           	05A0	0000	54
		_LCD_String_xy 		CODE           	0553	0000	35
		_LCD_Char      		CODE           	05D6	0000	54
		_LCD_Clear     		CODE           	0501	0000	16

lcd.c estimated size: 232

